// Jest Snapshot v1, https://goo.gl/fbAQLP

exports[`RodapeComponent should render the content based in inputs alt and src 1`] = `
RodapeComponent {
  "__ngContext__": 4,
  "alt": "https://teste.com/teste.jpg",
  "src": "Teste",
}
`;
